Archive member included because of file (symbol)

c:/software/electronica/arm/eclipsearm/sourcery-g++-lite-arm-2011.03/bin/../lib/gcc/arm-none-eabi/4.5.2\libgcc.a(_divsi3.o)
                              ./utils.o (__aeabi_idiv)
c:/software/electronica/arm/eclipsearm/sourcery-g++-lite-arm-2011.03/bin/../lib/gcc/arm-none-eabi/4.5.2\libgcc.a(_dvmd_tls.o)
                              c:/software/electronica/arm/eclipsearm/sourcery-g++-lite-arm-2011.03/bin/../lib/gcc/arm-none-eabi/4.5.2\libgcc.a(_divsi3.o) (__aeabi_idiv0)

Memory Configuration

Name             Origin             Length             Attributes
*default*        0x00000000         0xffffffff

Linker script and memory map

LOAD ./D8Led.o
LOAD ./button.o
LOAD ./init.o
LOAD ./leds.o
LOAD ./main.o
LOAD ./timer.o
LOAD ./utils.o
START GROUP
LOAD c:/software/electronica/arm/eclipsearm/sourcery-g++-lite-arm-2011.03/bin/../lib/gcc/arm-none-eabi/4.5.2\libgcc.a
LOAD c:/software/electronica/arm/eclipsearm/sourcery-g++-lite-arm-2011.03/bin/../lib/gcc/arm-none-eabi/4.5.2/../../../../arm-none-eabi/lib\libc.a
END GROUP
                0x0c100000                . = 0xc100000

.data           0x0c100000       0x64
 *(.data)
 .data          0x0c100000       0x60 ./D8Led.o
 .data          0x0c100060        0x0 ./button.o
 .data          0x0c100060        0x0 ./init.o
 .data          0x0c100060        0x0 ./leds.o
 .data          0x0c100060        0x0 ./main.o
 .data          0x0c100060        0x0 ./timer.o
 .data          0x0c100060        0x4 ./utils.o
 .data          0x0c100064        0x0 c:/software/electronica/arm/eclipsearm/sourcery-g++-lite-arm-2011.03/bin/../lib/gcc/arm-none-eabi/4.5.2\libgcc.a(_divsi3.o)
 .data          0x0c100064        0x0 c:/software/electronica/arm/eclipsearm/sourcery-g++-lite-arm-2011.03/bin/../lib/gcc/arm-none-eabi/4.5.2\libgcc.a(_dvmd_tls.o)
 *(.rodata)

.bss            0x0c100064        0xc
 *(.bss)
 .bss           0x0c100064        0x0 ./D8Led.o
 .bss           0x0c100064        0x0 ./button.o
 .bss           0x0c100064        0x0 ./init.o
 .bss           0x0c100064        0x4 ./leds.o
 .bss           0x0c100068        0x0 ./main.o
 .bss           0x0c100068        0x8 ./timer.o
 .bss           0x0c100070        0x0 ./utils.o
 .bss           0x0c100070        0x0 c:/software/electronica/arm/eclipsearm/sourcery-g++-lite-arm-2011.03/bin/../lib/gcc/arm-none-eabi/4.5.2\libgcc.a(_divsi3.o)
 .bss           0x0c100070        0x0 c:/software/electronica/arm/eclipsearm/sourcery-g++-lite-arm-2011.03/bin/../lib/gcc/arm-none-eabi/4.5.2\libgcc.a(_dvmd_tls.o)

.text           0x0c100070      0xadc
 *(.text)
 .text          0x0c100070       0xdc ./D8Led.o
                0x0c100070                D8Led_init
                0x0c100094                D8Led_segment
                0x0c1000f0                D8Led_digit
 .text          0x0c10014c      0x118 ./button.o
                0x0c10014c                button_init
 .text          0x0c100264       0xd0 ./init.o
                0x0c100264                start
 .text          0x0c100334      0x2b8 ./leds.o
                0x0c100334                leds_init
                0x0c100374                led1_on
                0x0c1003b4                led1_off
                0x0c1003f4                led2_on
                0x0c100434                led2_off
                0x0c100474                switchLed1
                0x0c1004b4                switchLed2
                0x0c1004f4                leds_switch
                0x0c100534                leds_display
 .text          0x0c1005ec       0xa4 ./main.o
                0x0c1005ec                intcont_init
                0x0c100654                main
 .text          0x0c100690      0x238 ./timer.o
                0x0c100704                timer_start
                0x0c100780                timer_stop
                0x0c1007d0                timer_switch
                0x0c100808                timer_clear
                0x0c100844                timer_init
 .text          0x0c1008c8      0x138 ./utils.o
                0x0c1008c8                Delay
 .text          0x0c100a00      0x148 c:/software/electronica/arm/eclipsearm/sourcery-g++-lite-arm-2011.03/bin/../lib/gcc/arm-none-eabi/4.5.2\libgcc.a(_divsi3.o)
                0x0c100a00                __divsi3
                0x0c100a00                __aeabi_idiv
                0x0c100b28                __aeabi_idivmod
 .text          0x0c100b48        0x4 c:/software/electronica/arm/eclipsearm/sourcery-g++-lite-arm-2011.03/bin/../lib/gcc/arm-none-eabi/4.5.2\libgcc.a(_dvmd_tls.o)
                0x0c100b48                __aeabi_idiv0
                0x0c100b48                __aeabi_ldiv0
                0x0c100b4c                PROVIDE (end, .)
START GROUP
LOAD c:/software/electronica/arm/eclipsearm/sourcery-g++-lite-arm-2011.03/bin/../lib/gcc/arm-none-eabi/4.5.2\libgcc.a
LOAD c:/software/electronica/arm/eclipsearm/sourcery-g++-lite-arm-2011.03/bin/../lib/gcc/arm-none-eabi/4.5.2/../../../../arm-none-eabi/lib\libg.a
LOAD c:/software/electronica/arm/eclipsearm/sourcery-g++-lite-arm-2011.03/bin/../lib/gcc/arm-none-eabi/4.5.2/../../../../arm-none-eabi/lib\libc.a
LOAD c:/software/electronica/arm/eclipsearm/sourcery-g++-lite-arm-2011.03/bin/../lib/gcc/arm-none-eabi/4.5.2/../../../../arm-none-eabi/lib\libm.a
LOAD c:/software/electronica/arm/eclipsearm/sourcery-g++-lite-arm-2011.03/bin/../lib/gcc/arm-none-eabi/4.5.2/../../../../arm-none-eabi/lib\libnosys.a
END GROUP
OUTPUT(pract2-parte2.elf elf32-littlearm)

.glue_7         0x0c100b4c        0x0
 .glue_7        0x00000000        0x0 linker stubs

.glue_7t        0x0c100b4c        0x0
 .glue_7t       0x00000000        0x0 linker stubs

.vfp11_veneer   0x0c100b4c        0x0
 .vfp11_veneer  0x00000000        0x0 linker stubs

.v4_bx          0x0c100b4c        0x0
 .v4_bx         0x00000000        0x0 linker stubs

.debug_abbrev   0x00000000      0x26b
 .debug_abbrev  0x00000000       0x88 ./D8Led.o
 .debug_abbrev  0x00000088       0x5a ./button.o
 .debug_abbrev  0x000000e2       0x14 ./init.o
 .debug_abbrev  0x000000f6       0x6b ./leds.o
 .debug_abbrev  0x00000161       0x4d ./main.o
 .debug_abbrev  0x000001ae       0x58 ./timer.o
 .debug_abbrev  0x00000206       0x65 ./utils.o

.debug_info     0x00000000      0x476
 .debug_info    0x00000000       0xdf ./D8Led.o
 .debug_info    0x000000df       0x6d ./button.o
 .debug_info    0x0000014c       0x65 ./init.o
 .debug_info    0x000001b1      0x112 ./leds.o
 .debug_info    0x000002c3       0x5f ./main.o
 .debug_info    0x00000322       0xd0 ./timer.o
 .debug_info    0x000003f2       0x84 ./utils.o

.debug_line     0x00000000      0x38f
 .debug_line    0x00000000       0x71 ./D8Led.o
 .debug_line    0x00000071       0x98 ./button.o
 .debug_line    0x00000109       0x67 ./init.o
 .debug_line    0x00000170       0x7a ./leds.o
 .debug_line    0x000001ea       0xa0 ./main.o
 .debug_line    0x0000028a       0x9a ./timer.o
 .debug_line    0x00000324       0x6b ./utils.o

.debug_macinfo  0x00000000    0x1dae0
 .debug_macinfo
                0x00000000     0x5304 ./D8Led.o
 .debug_macinfo
                0x00005304     0x4e74 ./button.o
 .debug_macinfo
                0x0000a178     0x4e71 ./leds.o
 .debug_macinfo
                0x0000efe9     0x4e6e ./main.o
 .debug_macinfo
                0x00013e57     0x4e5d ./timer.o
 .debug_macinfo
                0x00018cb4     0x4e2c ./utils.o

.debug_loc      0x00000000      0x3f4
 .debug_loc     0x00000000       0x84 ./D8Led.o
 .debug_loc     0x00000084       0x58 ./button.o
 .debug_loc     0x000000dc      0x18c ./leds.o
 .debug_loc     0x00000268       0x58 ./main.o
 .debug_loc     0x000002c0      0x108 ./timer.o
 .debug_loc     0x000003c8       0x2c ./utils.o

.debug_pubnames
                0x00000000      0x19f
 .debug_pubnames
                0x00000000       0x43 ./D8Led.o
 .debug_pubnames
                0x00000043       0x22 ./button.o
 .debug_pubnames
                0x00000065       0x91 ./leds.o
 .debug_pubnames
                0x000000f6       0x2c ./main.o
 .debug_pubnames
                0x00000122       0x61 ./timer.o
 .debug_pubnames
                0x00000183       0x1c ./utils.o

.debug_aranges  0x00000000       0xe0
 .debug_aranges
                0x00000000       0x20 ./D8Led.o
 .debug_aranges
                0x00000020       0x20 ./button.o
 .debug_aranges
                0x00000040       0x20 ./init.o
 .debug_aranges
                0x00000060       0x20 ./leds.o
 .debug_aranges
                0x00000080       0x20 ./main.o
 .debug_aranges
                0x000000a0       0x20 ./timer.o
 .debug_aranges
                0x000000c0       0x20 ./utils.o

.debug_str      0x00000000      0x262
 .debug_str     0x00000000       0xa9 ./D8Led.o
 .debug_str     0x000000a9       0x5d ./button.o
                                 0x76 (size before relaxing)
 .debug_str     0x00000106       0x71 ./leds.o
                                 0xdb (size before relaxing)
 .debug_str     0x00000177       0x1c ./main.o
                                 0x58 (size before relaxing)
 .debug_str     0x00000193       0x62 ./timer.o
                                 0x9e (size before relaxing)
 .debug_str     0x000001f5       0x6d ./utils.o
                                 0x79 (size before relaxing)

.comment        0x00000000       0x2a
 .comment       0x00000000       0x2a ./D8Led.o
                                 0x2b (size before relaxing)
 .comment       0x00000000       0x2b ./button.o
 .comment       0x00000000       0x2b ./leds.o
 .comment       0x00000000       0x2b ./main.o
 .comment       0x00000000       0x2b ./timer.o
 .comment       0x00000000       0x2b ./utils.o

.ARM.attributes
                0x00000000       0x30
 .ARM.attributes
                0x00000000       0x32 ./D8Led.o
 .ARM.attributes
                0x00000032       0x32 ./button.o
 .ARM.attributes
                0x00000064       0x22 ./init.o
 .ARM.attributes
                0x00000086       0x32 ./leds.o
 .ARM.attributes
                0x000000b8       0x32 ./main.o
 .ARM.attributes
                0x000000ea       0x32 ./timer.o
 .ARM.attributes
                0x0000011c       0x32 ./utils.o
 .ARM.attributes
                0x0000014e       0x1a c:/software/electronica/arm/eclipsearm/sourcery-g++-lite-arm-2011.03/bin/../lib/gcc/arm-none-eabi/4.5.2\libgcc.a(_divsi3.o)
 .ARM.attributes
                0x00000168       0x18 c:/software/electronica/arm/eclipsearm/sourcery-g++-lite-arm-2011.03/bin/../lib/gcc/arm-none-eabi/4.5.2\libgcc.a(_dvmd_tls.o)

.debug_frame    0x00000000      0x378
 .debug_frame   0x00000000       0x70 ./D8Led.o
 .debug_frame   0x00000070       0x5c ./button.o
 .debug_frame   0x000000cc      0x130 ./leds.o
 .debug_frame   0x000001fc       0x50 ./main.o
 .debug_frame   0x0000024c       0xdc ./timer.o
 .debug_frame   0x00000328       0x30 ./utils.o
 .debug_frame   0x00000358       0x20 c:/software/electronica/arm/eclipsearm/sourcery-g++-lite-arm-2011.03/bin/../lib/gcc/arm-none-eabi/4.5.2\libgcc.a(_divsi3.o)
